Running tests ...
[1A[KRunning 45 tests in 1 runtime ...
[1A[K[1m[32m45 tests, 113 assertions, 1 runtime ... OK[0m
